// Vitest Snapshot v1, https://vitest.dev/guide/snapshot.html

exports[`NotLoggedInNav > should match snapshot 1`] = `
<div>
  <button
    aria-expanded="false"
    aria-haspopup="menu"
    class="inline-flex items-center justify-center gap-2 whitespace-nowrap text-sm font-medium transition-all disabled:pointer-events-none disabled:opacity-50 [&_svg]:pointer-events-none [&_svg:not([class*='size-'])]:size-4 shrink-0 [&_svg]:shrink-0 outline-none focus-visible:border-ring focus-visible:ring-ring/50 focus-visible:ring-[3px] aria-invalid:ring-destructive/20 dark:aria-invalid:ring-destructive/40 aria-invalid:border-destructive hover:bg-accent hover:text-accent-foreground dark:hover:bg-accent/50 px-4 py-2 has-[>svg]:px-3 relative h-8 w-8 rounded-full"
    data-slot="dropdown-menu-trigger"
    data-state="closed"
    id="radix-:r2:"
    type="button"
  >
    <span
      class="relative flex size-8 shrink-0 overflow-hidden rounded-full h-8 w-8"
      data-slot="avatar"
    >
      <span
        class="bg-muted flex size-full items-center justify-center rounded-full"
        data-slot="avatar-fallback"
      >
        Ab
      </span>
    </span>
  </button>
</div>
`;

exports[`NotLoggedInNav should match snapshot 1`] = `
<div>
  <nav
    class="flex items-center gap-1"
  >
    <a
      class="text-sm font-medium text-foreground/80 transition-colors hover:text-foreground"
      href="/login"
    >
      Login
    </a>
    /
    <a
      class="text-sm font-medium text-foreground/80 transition-colors hover:text-foreground"
      href="/sign-up"
    >
      Sign Up
    </a>
  </nav>
</div>
`;
