// Vitest Snapshot v1, https://vitest.dev/guide/snapshot.html

exports[`NotLoggedInNav > should match snapshot 1`] = `
<div>
  <nav
    class="flex items-center gap-1"
  >
    <a
      class="text-sm font-medium text-foreground/80 transition-colors hover:text-foreground"
      href="/login"
    >
      Login
    </a>
    /
    <a
      class="text-sm font-medium text-foreground/80 transition-colors hover:text-foreground"
      href="/sign-up"
    >
      Sign Up
    </a>
  </nav>
</div>
`;
